
> @owleye/analytics@0.0.1 build /Users/shrinathprabhu/personal/owleye/packages/analytics
> pnpm clean && pnpm build:types && pnpm build:modules && pnpm build:cdn && node scripts/write-integrity.mjs


> @owleye/analytics@0.0.1 clean /Users/shrinathprabhu/personal/owleye/packages/analytics
> rm -rf dist


> @owleye/analytics@0.0.1 build:types /Users/shrinathprabhu/personal/owleye/packages/analytics
> tsc -p tsconfig.json


> @owleye/analytics@0.0.1 build:modules /Users/shrinathprabhu/personal/owleye/packages/analytics
> vite build

vite v7.3.6 building client environment for production...
transforming...
✓ 17 modules transformed.
rendering chunks...
computing gzip size...
dist/navigation-BPPV_Tte.js   1.53 kB │ gzip: 0.61 kB │ map:  5.04 kB
dist/performance.js           3.46 kB │ gzip: 1.50 kB │ map: 10.47 kB
dist/index.js                 3.95 kB │ gzip: 1.37 kB │ map: 10.15 kB
dist/transport-DYRnEfFZ.js    9.39 kB │ gzip: 3.42 kB │ map: 30.98 kB
dist/rules.js                20.46 kB │ gzip: 5.74 kB │ map: 61.72 kB
✓ built in 224ms

> @owleye/analytics@0.0.1 build:cdn /Users/shrinathprabhu/personal/owleye/packages/analytics
> pnpm build:cdn:analytics && pnpm build:cdn:rules && pnpm build:cdn:performance


> @owleye/analytics@0.0.1 build:cdn:analytics /Users/shrinathprabhu/personal/owleye/packages/analytics
> OWLEYE_CDN_ENTRY=browser OWLEYE_CDN_NAME=OwlEyeAnalytics vite build --config vite.cdn.config.ts

vite v7.3.6 building client environment for production...
transforming...
✓ 8 modules transformed.
rendering chunks...
computing gzip size...
dist/owleye.analytics.iife.js  12.14 kB │ gzip: 4.51 kB │ map: 45.90 kB
✓ built in 114ms

> @owleye/analytics@0.0.1 build:cdn:rules /Users/shrinathprabhu/personal/owleye/packages/analytics
> OWLEYE_CDN_ENTRY=browser-rules OWLEYE_CDN_NAME=OwlEyeRules vite build --config vite.cdn.config.ts

vite v7.3.6 building client environment for production...
transforming...
✓ 15 modules transformed.
rendering chunks...
computing gzip size...
dist/owleye.rules.iife.js  24.62 kB │ gzip: 8.23 kB │ map: 96.09 kB
✓ built in 284ms

> @owleye/analytics@0.0.1 build:cdn:performance /Users/shrinathprabhu/personal/owleye/packages/analytics
> OWLEYE_CDN_ENTRY=browser-performance OWLEYE_CDN_NAME=OwlEyePerformance vite build --config vite.cdn.config.ts

vite v7.3.6 building client environment for production...
transforming...
✓ 8 modules transformed.
rendering chunks...
computing gzip size...
dist/owleye.performance.iife.js  10.35 kB │ gzip: 4.23 kB │ map: 41.36 kB
✓ built in 140ms
Wrote SHA-384 integrity for all three standalone SDK bundles.
